// Jest Snapshot v1, https://goo.gl/fbAQLP

exports[`Api: Dropbox.listFolder should return a normalized array of files and folders of the provided path 1`] = `
Array [
  Object {
    "id": "id:8cfsOlDXQ0AAAAAAAABfZA",
    "name": "A",
    "path": "/Tidningen/2018/11/A",
    "type": "folder",
  },
  Object {
    "id": "id:8cfsOlDXQ0AAAAAAAABfew",
    "name": "D",
    "path": "/Tidningen/2018/11/D",
    "type": "folder",
  },
  Object {
    "id": "id:8cfsOlDXQ0AAAAAAAABf0w",
    "name": "B",
    "path": "/Tidningen/2018/11/B",
    "type": "folder",
  },
  Object {
    "id": "id:8cfsOlDXQ0AAAAAAAABf1A",
    "name": "C",
    "path": "/Tidningen/2018/11/C",
    "type": "folder",
  },
  Object {
    "id": "id:8cfsOlDXQ0AAAAAAAABgdw",
    "name": "Framvagn",
    "path": "/Tidningen/2018/11/Framvagn",
    "type": "folder",
  },
  Object {
    "id": "id:8cfsOlDXQ0AAAAAAAABhzA",
    "name": "till tryckeriet",
    "path": "/Tidningen/2018/11/till tryckeriet",
    "type": "folder",
  },
  Object {
    "clientModified": "2018-11-27T15:14:14Z",
    "id": "id:8cfsOlDXQ0AAAAAAAABf2g",
    "modifiedBy": "dbid:AAAD--pzSalcq73PGbc9Ch9fgh0YPSvL1vQ",
    "name": "ST_18_11.indd",
    "path": "/Tidningen/2018/11/ST_18_11.indd",
    "serverModified": "2018-11-27T15:14:19Z",
    "type": "file",
  },
  Object {
    "clientModified": "2018-11-29T11:54:26Z",
    "id": "id:8cfsOlDXQ0AAAAAAAABgmA",
    "modifiedBy": "dbid:AADI2C0iKz8PvrovDlpZ6DT3KypYuBReQss",
    "name": "Sid 23.pdf",
    "path": "/Tidningen/2018/11/Sid 23.pdf",
    "serverModified": "2018-11-29T11:54:32Z",
    "type": "file",
  },
  Object {
    "clientModified": "2018-12-05T07:53:43Z",
    "id": "id:8cfsOlDXQ0AAAAAAAABgUg",
    "modifiedBy": "dbid:AAAD--pzSalcq73PGbc9Ch9fgh0YPSvL1vQ",
    "name": "ST_11_18_01_Framvagn.indd",
    "path": "/Tidningen/2018/11/ST_11_18_01_Framvagn.indd",
    "serverModified": "2018-12-05T07:53:48Z",
    "type": "file",
  },
  Object {
    "clientModified": "2018-12-05T08:23:00Z",
    "id": "id:8cfsOlDXQ0AAAAAAAABgWA",
    "modifiedBy": "dbid:AAAGsBZeMJWLDSD-bUhgCmyfDrXDDBlV-70",
    "name": "ST_11_18_05_D.indd",
    "path": "/Tidningen/2018/11/ST_11_18_05_D.indd",
    "serverModified": "2018-12-05T08:23:09Z",
    "type": "file",
  },
  Object {
    "clientModified": "2018-12-05T09:03:13Z",
    "id": "id:8cfsOlDXQ0AAAAAAAABgVg",
    "modifiedBy": "dbid:AAAD--pzSalcq73PGbc9Ch9fgh0YPSvL1vQ",
    "name": "ST_11_18_03_B.indd",
    "path": "/Tidningen/2018/11/ST_11_18_03_B.indd",
    "serverModified": "2018-12-05T09:03:18Z",
    "type": "file",
  },
  Object {
    "clientModified": "2018-12-05T09:13:30Z",
    "id": "id:8cfsOlDXQ0AAAAAAAABgVw",
    "modifiedBy": "dbid:AACCoALvX2HMOAqzduK1KNK1IPOb-MKGieI",
    "name": "ST_11_18_04_C.indd",
    "path": "/Tidningen/2018/11/ST_11_18_04_C.indd",
    "serverModified": "2018-12-05T09:13:35Z",
    "type": "file",
  },
  Object {
    "clientModified": "2018-12-05T11:16:46Z",
    "id": "id:8cfsOlDXQ0AAAAAAAABgVA",
    "modifiedBy": "dbid:AAAD--pzSalcq73PGbc9Ch9fgh0YPSvL1vQ",
    "name": "ST_11_18_02_A.indd",
    "path": "/Tidningen/2018/11/ST_11_18_02_A.indd",
    "serverModified": "2018-12-05T11:16:52Z",
    "type": "file",
  },
  Object {
    "clientModified": "2018-12-07T07:16:08Z",
    "id": "id:8cfsOlDXQ0AAAAAAAABiTA",
    "modifiedBy": "dbid:AACrh22Y3qGiQTCRwwE3IHv4GvbjqNoznG8",
    "name": "~st_11_18_01_framva~y0mey8.idlk",
    "path": "/Tidningen/2018/11/~st_11_18_01_framva~y0mey8.idlk",
    "serverModified": "2018-12-07T07:16:14Z",
    "type": "file",
  },
]
`;
